MO contador17bits NULL contador.v vlg74/contador17bits.bin 1323277500
MO mux_4x5 NULL mux_4x5.v vlg0A/mux__4x5.bin 1323277500
MO principal NULL principal.v vlg2A/principal.bin 1323277501
MO Decoder_BCD_7seg NULL verilog1parte.v vlg17/_decoder___b_c_d__7seg.bin 1323277500
MO contador2bits NULL contador2bits.v vlg22/contador2bits.bin 1323277500
MO Decoder_basic_2x4 NULL Decoder_basic_2x4.v vlg48/_decoder__basic__2x4.bin 1323277501
MO Maquina_de_estados NULL Maquina_de_estados.v vlg66/_maquina__de__estados.bin 1323277501
MO cont_bcd NULL cont_bcd.v vlg10/cont__bcd.bin 1323277500
